// Jest Snapshot v1, https://goo.gl/fbAQLP

exports[`<SendMessage {...props} /> renders correctly 1`] = `
<div>
  <form>
    <div
      class="flex flex-row gap-regular grow"
    >
      <input
        class="input input-bordered mx-auto flex-grow"
        placeholder="Aa"
        value=""
      />
      <button
        class="btn"
        disabled=""
        type="submit"
      >
        Send
      </button>
    </div>
  </form>
</div>
`;
